<?xml version="1.0" ?>
<testsuites failures="0" name="TestXML" tests="1" time="0">
	<testsuite name="Game" failures="0"  tests="8" time="0">
		<testcase name=" cant buy item if you dont have enough eggs" time="0"></testcase>
		<testcase name=" buying an item increases its price" time="0"></testcase>
		<testcase name=" cant spend more eggs than you have" time="0"></testcase>
		<testcase name=" can add item to game" time="0"></testcase>
		<testcase name=" can spend eggs" time="0"></testcase>
		<testcase name=" increments total with the right amount when an increment is set" time="0"></testcase>
		<testcase name=" game first increments total with one" time="0"></testcase>
		<testcase name=" game starts with zero egg" time="0"></testcase>
	</testsuite>

</testsuites>